// Jest Snapshot v1, https://goo.gl/fbAQLP

exports[`Link changes the class when hovered 1`] = `
Array [
  <div
    className="loadingDiv"
    style={
      Object {
        "animation": "none",
        "display": "none",
      }
    }
  />,
  <div
    className="cookieBanner"
  >
    <div
      className="cookieText"
    >
      This website uses cookies to improve use experience by storing data on your browser and uses analytics data of Google Analytics services. By using this website you agree with our Privacy policy and terms of service.
    </div>
    <div
      className="buttonSimple"
      onClick={[Function]}
      style={Object {}}
    >
      I agree
    </div>
  </div>,
  <div
    className="wrapperImage"
    style={
      Object {
        "backgroundImage": "url(\\"test-file-stub\\")",
      }
    }
  />,
  <div
    className="topNavContainer"
  >
    <div
      className="topNav"
    >
      <div
        className="navLogoContainer"
      >
        <a
          className="navLogo"
          href="/"
          onClick={[Function]}
        />
      </div>
      <div
        className="navArtist"
      >
        Sublime Epiphany by Lindsey Look
      </div>
      <div
        className="navDivider"
      />
      <div
        className="navLinks"
      >
        <a
          className="navLinkA"
          href="/metagame"
          onClick={[Function]}
        >
          Metagame
        </a>
        <a
          className="navLinkA"
          href="/register"
          onClick={[Function]}
        >
          Register
        </a>
        <a
          className="navLinkA"
          href="/release-notes"
          onClick={[Function]}
        >
          Release Notes
        </a>
        <a
          className="navLinkA"
          href="/docs"
          onClick={[Function]}
        >
          Docs
        </a>
      </div>
    </div>
  </div>,
  <div
    className="card-hover-dfc"
    style={
      Object {
        "backgroundImage": "url(test-file-stub)",
        "opacity": 0,
      }
    }
  />,
  <div
    className="card-hover-main"
    style={
      Object {
        "backgroundImage": "url(https://img.scryfall.com/cardsundefined",
        "opacity": 0,
      }
    }
  />,
  <div
    className="wrapperOuter"
  >
    <div
      className="loading"
    >
      Loading..
    </div>
  </div>,
  <div
    className="footerMain"
  >
    <div
      className="footerWrapper"
    >
      <div
        className="footerColumn"
      >
        <img
          alt="MTG Arena Tool"
          className="footerLogo"
          src="test-file-stub"
          style={
            Object {
              "margin": "auto ",
            }
          }
        />
      </div>
      <div
        className="footerColumn"
      >
        <div
          className="footerColumnTitle"
        >
          MTG Arena Tool
        </div>
        <a
          href="mailto:mtgatool@gmail.com"
          rel="noopener noreferrer"
          target="_blank"
        >
          Contact
        </a>
        <a
          href="https://mtgatool.com/database/"
          rel="noopener noreferrer"
          target="_blank"
        >
          Database
        </a>
        <a
          href="https://mtgatool.com/docs/"
          rel="noopener noreferrer"
          target="_blank"
        >
          Documentation
        </a>
        <a
          href="https://github.com/Manuel-777/MTG-Arena-Tool/releases"
          rel="noopener noreferrer"
          target="_blank"
        >
          Releases
        </a>
      </div>
      <div
        className="footerColumn"
      >
        <div
          className="footerColumnTitle"
        >
          Support us
        </div>
        <a
          href="https://www.paypal.me/ManuelEtchegaray/10"
          rel="noopener noreferrer"
          target="_blank"
        >
          Donate
        </a>
        <a
          href="https://www.patreon.com/mtgatool"
          rel="noopener noreferrer"
          target="_blank"
        >
          Patreon
        </a>
      </div>
      <div
        className="footerColumn"
      >
        <div
          className="footerColumnTitle"
        >
          Developers
        </div>
        <a
          href="https://github.com/Manuel-777/MTG-Arena-Tool"
          rel="noopener noreferrer"
          target="_blank"
        >
          App Github
        </a>
        <a
          href="https://github.com/mtgatool/mtgatool-web/"
          rel="noopener noreferrer"
          target="_blank"
        >
          Website Github
        </a>
      </div>
      <div
        className="footerColumn"
      >
        <div
          className="footerColumnTitle"
        >
          Places
        </div>
        <a
          href="https://discord.gg/K9bPkJy"
          rel="noopener noreferrer"
          target="_blank"
        >
          Discord
        </a>
        <a
          href="https://twitter.com/MEtchegaray7"
          rel="noopener noreferrer"
          target="_blank"
        >
          Twitter
        </a>
        <a
          href="https://magic.wizards.com/mtgarena"
          rel="noopener noreferrer"
          target="_blank"
        >
          MTG: Arena
        </a>
      </div>
    </div>
    <div
      className="footerWrapper"
    >
      <div
        className="footerText"
      >
        Portions of MTG Arena Tool are unofficial Fan Content permitted under the Fan Content Policy.
        <br />
        The literal and graphical information presented on this site about Magic: The Gathering, including card images, the mana symbols, and Oracle text, is copyright Wizards of the Coast, LLC, a subsidiary of Hasbro, Inc. MTG Arena Tool is not produced by, endorsed by, supported by, or affiliated with Wizards of the Coast.
        <br />
        ©Wizards of the Coast LLC.
        <br />
        All other content ©2020 MTG Arena Tool.
      </div>
    </div>
  </div>,
]
`;

exports[`Renders 1`] = `
Array [
  <div
    className="loadingDiv"
    style={
      Object {
        "animation": "none",
        "display": "none",
      }
    }
  />,
  <div
    className="cookieBanner"
  >
    <div
      className="cookieText"
    >
      This website uses cookies to improve use experience by storing data on your browser and uses analytics data of Google Analytics services. By using this website you agree with our Privacy policy and terms of service.
    </div>
    <div
      className="buttonSimple"
      onClick={[Function]}
      style={Object {}}
    >
      I agree
    </div>
  </div>,
  <div
    className="wrapperImage"
    style={
      Object {
        "backgroundImage": "url(\\"test-file-stub\\")",
      }
    }
  />,
  <div
    className="topNavContainer"
  >
    <div
      className="topNav"
    >
      <div
        className="navLogoContainer"
      >
        <a
          className="navLogo"
          href="/"
          onClick={[Function]}
        />
      </div>
      <div
        className="navArtist"
      >
        Sublime Epiphany by Lindsey Look
      </div>
      <div
        className="navDivider"
      />
      <div
        className="navLinks"
      >
        <a
          className="navLinkA"
          href="/metagame"
          onClick={[Function]}
        >
          Metagame
        </a>
        <a
          className="navLinkA"
          href="/register"
          onClick={[Function]}
        >
          Register
        </a>
        <a
          className="navLinkA"
          href="/release-notes"
          onClick={[Function]}
        >
          Release Notes
        </a>
        <a
          className="navLinkA"
          href="/docs"
          onClick={[Function]}
        >
          Docs
        </a>
      </div>
    </div>
  </div>,
  <div
    className="card-hover-dfc"
    style={
      Object {
        "backgroundImage": "url(test-file-stub)",
        "opacity": 0,
      }
    }
  />,
  <div
    className="card-hover-main"
    style={
      Object {
        "backgroundImage": "url(https://img.scryfall.com/cardsundefined",
        "opacity": 0,
      }
    }
  />,
  <div
    className="wrapperOuter"
  >
    <div
      className="loading"
    >
      Loading..
    </div>
  </div>,
  <div
    className="footerMain"
  >
    <div
      className="footerWrapper"
    >
      <div
        className="footerColumn"
      >
        <img
          alt="MTG Arena Tool"
          className="footerLogo"
          src="test-file-stub"
          style={
            Object {
              "margin": "auto ",
            }
          }
        />
      </div>
      <div
        className="footerColumn"
      >
        <div
          className="footerColumnTitle"
        >
          MTG Arena Tool
        </div>
        <a
          href="mailto:mtgatool@gmail.com"
          rel="noopener noreferrer"
          target="_blank"
        >
          Contact
        </a>
        <a
          href="https://mtgatool.com/database/"
          rel="noopener noreferrer"
          target="_blank"
        >
          Database
        </a>
        <a
          href="https://mtgatool.com/docs/"
          rel="noopener noreferrer"
          target="_blank"
        >
          Documentation
        </a>
        <a
          href="https://github.com/Manuel-777/MTG-Arena-Tool/releases"
          rel="noopener noreferrer"
          target="_blank"
        >
          Releases
        </a>
      </div>
      <div
        className="footerColumn"
      >
        <div
          className="footerColumnTitle"
        >
          Support us
        </div>
        <a
          href="https://www.paypal.me/ManuelEtchegaray/10"
          rel="noopener noreferrer"
          target="_blank"
        >
          Donate
        </a>
        <a
          href="https://www.patreon.com/mtgatool"
          rel="noopener noreferrer"
          target="_blank"
        >
          Patreon
        </a>
      </div>
      <div
        className="footerColumn"
      >
        <div
          className="footerColumnTitle"
        >
          Developers
        </div>
        <a
          href="https://github.com/Manuel-777/MTG-Arena-Tool"
          rel="noopener noreferrer"
          target="_blank"
        >
          App Github
        </a>
        <a
          href="https://github.com/mtgatool/mtgatool-web/"
          rel="noopener noreferrer"
          target="_blank"
        >
          Website Github
        </a>
      </div>
      <div
        className="footerColumn"
      >
        <div
          className="footerColumnTitle"
        >
          Places
        </div>
        <a
          href="https://discord.gg/K9bPkJy"
          rel="noopener noreferrer"
          target="_blank"
        >
          Discord
        </a>
        <a
          href="https://twitter.com/MEtchegaray7"
          rel="noopener noreferrer"
          target="_blank"
        >
          Twitter
        </a>
        <a
          href="https://magic.wizards.com/mtgarena"
          rel="noopener noreferrer"
          target="_blank"
        >
          MTG: Arena
        </a>
      </div>
    </div>
    <div
      className="footerWrapper"
    >
      <div
        className="footerText"
      >
        Portions of MTG Arena Tool are unofficial Fan Content permitted under the Fan Content Policy.
        <br />
        The literal and graphical information presented on this site about Magic: The Gathering, including card images, the mana symbols, and Oracle text, is copyright Wizards of the Coast, LLC, a subsidiary of Hasbro, Inc. MTG Arena Tool is not produced by, endorsed by, supported by, or affiliated with Wizards of the Coast.
        <br />
        ©Wizards of the Coast LLC.
        <br />
        All other content ©2020 MTG Arena Tool.
      </div>
    </div>
  </div>,
]
`;
